
> local-console-hub@0.1.0 tauri
> tauri build

        Info Looking up installed tauri packages to check mismatched versions...
     Running beforeBuildCommand `npm run build`

> local-console-hub@0.1.0 build
> tsc --noEmit && vite build

vite v8.3.1 building client environment for production...
transforming...
✓ 1940 modules transformed.
rendering chunks...
computing gzip size...
dist/index.html                                                     0.40 kB │ gzip:   0.27 kB
dist/assets/ibm-plex-mono-vietnamese-500-normal-C8zxqsMH.woff       5.61 kB
dist/assets/ibm-plex-mono-vietnamese-400-normal-DDuiU_S-.woff       5.62 kB
dist/assets/ibm-plex-mono-cyrillic-ext-500-normal-BIfNGwUT.woff     5.77 kB
dist/assets/ibm-plex-mono-cyrillic-ext-400-normal-DMdlQ8Kv.woff     5.82 kB
dist/assets/ibm-plex-mono-vietnamese-400-normal-BulugwFq.woff2      5.86 kB
dist/assets/ibm-plex-mono-vietnamese-500-normal-DZ4AoWbu.woff2      6.04 kB
dist/assets/ibm-plex-sans-vietnamese-400-normal-fK1oJ5dG.woff       6.39 kB
dist/assets/ibm-plex-sans-vietnamese-600-normal-DgdngZtN.woff       6.58 kB
dist/assets/ibm-plex-sans-vietnamese-500-normal-BEb3_waV.woff       6.58 kB
dist/assets/ibm-plex-mono-cyrillic-ext-400-normal-xuaO2J-f.woff2    6.91 kB
dist/assets/ibm-plex-mono-cyrillic-ext-500-normal-BqneJy0T.woff2    6.97 kB
dist/assets/ibm-plex-mono-cyrillic-400-normal-CEL4l2ZJ.woff         7.20 kB
dist/assets/ibm-plex-mono-cyrillic-500-normal-Ael50iVv.woff         7.20 kB
dist/assets/ibm-plex-sans-vietnamese-400-normal-DG4YqDda.woff2      8.20 kB
dist/assets/ibm-plex-mono-cyrillic-400-normal-BSMlKf0J.woff2        8.35 kB
dist/assets/ibm-plex-sans-vietnamese-500-normal-e4dixQRQ.woff2      8.41 kB
dist/assets/ibm-plex-mono-cyrillic-500-normal-Bq9vWWag.woff2        8.46 kB
dist/assets/ibm-plex-sans-vietnamese-600-normal-DpPYBSTl.woff2      8.46 kB
dist/assets/ibm-plex-sans-greek-400-normal-D9ESIMu3.woff            8.76 kB
dist/assets/ibm-plex-sans-greek-500-normal-CuWXN6rf.woff            9.14 kB
dist/assets/ibm-plex-sans-greek-600-normal-D-CqTdkO.woff            9.22 kB
dist/assets/ibm-plex-sans-greek-400-normal-_efipK4i.woff2           9.94 kB
dist/assets/ibm-plex-sans-cyrillic-ext-400-normal-Dsrv2Tcn.woff    10.28 kB
dist/assets/ibm-plex-sans-greek-600-normal-DzTrcv_p.woff2          10.36 kB
dist/assets/ibm-plex-sans-greek-500-normal-JMMifIXV.woff2          10.37 kB
dist/assets/ibm-plex-sans-cyrillic-ext-500-normal-DB5PtV2g.woff    10.59 kB
dist/assets/ibm-plex-sans-cyrillic-ext-600-normal-Bz0x94Yp.woff    10.61 kB
dist/assets/ibm-plex-mono-latin-ext-400-normal-D3D2R8hC.woff       11.76 kB
dist/assets/ibm-plex-mono-latin-ext-500-normal-CZ70TYgx.woff       11.76 kB
dist/assets/ibm-plex-sans-cyrillic-ext-400-normal-g30qAdWV.woff2   12.14 kB
dist/assets/ibm-plex-sans-cyrillic-ext-600-normal-DUMzJB7m.woff2   12.30 kB
dist/assets/ibm-plex-sans-cyrillic-ext-500-normal-Cs5J6C77.woff2   12.30 kB
dist/assets/ibm-plex-mono-latin-400-normal-CvHOgSBP.woff           13.14 kB
dist/assets/ibm-plex-mono-latin-500-normal-CB9ihrfo.woff           13.15 kB
dist/assets/ibm-plex-mono-latin-ext-400-normal-BmRBH3aV.woff2      13.34 kB
dist/assets/ibm-plex-mono-latin-ext-500-normal-CAhNIIs5.woff2      13.43 kB
dist/assets/ibm-plex-sans-cyrillic-400-normal-BTotfTJu.woff        13.51 kB
dist/assets/ibm-plex-sans-cyrillic-500-normal-ByOcLdNv.woff        13.85 kB
dist/assets/ibm-plex-sans-cyrillic-600-normal-BGq0mW3O.woff        13.88 kB
dist/assets/ibm-plex-sans-latin-ext-400-normal-RBey6euL.woff       14.36 kB
dist/assets/ibm-plex-mono-latin-400-normal-DMJ8VG8y.woff2          14.70 kB
dist/assets/ibm-plex-sans-latin-ext-500-normal-D0aIdm-b.woff       14.73 kB
dist/assets/ibm-plex-sans-latin-ext-600-normal-DIrixKbi.woff       14.77 kB
dist/assets/ibm-plex-sans-cyrillic-400-normal-DZqxrq2p.woff2       14.80 kB
dist/assets/ibm-plex-mono-latin-500-normal-DSY6xOcd.woff2          14.88 kB
dist/assets/ibm-plex-sans-cyrillic-500-normal-CocWQlwt.woff2       15.00 kB
dist/assets/ibm-plex-sans-cyrillic-600-normal-71GNu3SW.woff2       15.04 kB
dist/assets/ibm-plex-sans-latin-ext-400-normal-C5H60-Va.woff2      15.98 kB
dist/assets/ibm-plex-sans-latin-ext-600-normal-DOrvGEcy.woff2      16.44 kB
dist/assets/ibm-plex-sans-latin-ext-500-normal-DakdToA3.woff2      16.45 kB
dist/assets/ibm-plex-sans-latin-400-normal-CYLoc0-x.woff           22.10 kB
dist/assets/ibm-plex-sans-latin-400-normal-CDDApCn2.woff2          22.58 kB
dist/assets/ibm-plex-sans-latin-600-normal-Cu4Hd6ag.woff           23.87 kB
dist/assets/ibm-plex-sans-latin-500-normal-BgVn5rGT.woff           23.91 kB
dist/assets/ibm-plex-sans-latin-500-normal-6ng42L7E.woff2          24.18 kB
dist/assets/ibm-plex-sans-latin-600-normal-CuJfVYMP.woff2          24.25 kB
dist/assets/index-NYmyPkVD.css                                     32.60 kB │ gzip:   6.05 kB
dist/assets/index-NRUz8xHb.js                                     574.60 kB │ gzip: 158.89 kB │ map: 1,998.80 kB

[plugin builtin:vite-reporter] 
(!) Some chunks are larger than 500 kB after minification. Consider:
- Using dynamic import() to code-split the application
- Use build.rolldownOptions.output.codeSplitting to improve chunking: https://rolldown.rs/reference/OutputOptions.codeSplitting
- Adjust chunk size limit for this warning via build.chunkSizeWarningLimit.
✓ built in 756ms
   Compiling local-console-hub v0.1.0 (C:\Users\q9560\Documents\GitHub\Local-Console-Hub\src-tauri)
   Compiling windows-sys v0.59.0
warning: linker stdout: 正在创建库 C:\Users\q9560\Documents\GitHub\Local-Console-Hub\src-tauri\target\release\deps\local_console_hub_lib.dll.lib 和对象 C:\Users\q9560\Documents\GitHub\Local-Console-Hub\src-tauri\target\release\deps\local_console_hub_lib.dll.exp
  |
  = note: `#[warn(linker_messages)]` on by default

warning: `local-console-hub` (lib) generated 1 warning
    Finished `release` profile [optimized] target(s) in 54.25s
       Built application at: C:\Users\q9560\Documents\GitHub\Local-Console-Hub\src-tauri\target\release\local-console-hub.exe
        Info Patching C:\Users\q9560\Documents\GitHub\Local-Console-Hub\src-tauri\target\release\local-console-hub.exe with bundle type information: msi
        Info Target: x64
     Running candle for "C:\\Users\\q9560\\Documents\\GitHub\\Local-Console-Hub\\src-tauri\\target\\release\\wix\\x64\\main.wxs"
     Running light to produce C:\Users\q9560\Documents\GitHub\Local-Console-Hub\src-tauri\target\release\bundle\msi\Local Console Hub_0.1.0_x64_en-US.msi
failed to bundle project: `failed to run C:\Users\q9560\AppData\Local\tauri\WixTools314\light.exe`
       Error failed to bundle project: `failed to run C:\Users\q9560\AppData\Local\tauri\WixTools314\light.exe`
