   Compiling local-console-hub v0.1.0 (C:\Users\q9560\Documents\GitHub\Local-Console-Hub\src-tauri)
warning: linker stdout: 正在创建库 C:\Users\q9560\Documents\GitHub\Local-Console-Hub\src-tauri\target\debug\deps\local_console_hub_lib.dll.lib 和对象 C:\Users\q9560\Documents\GitHub\Local-Console-Hub\src-tauri\target\debug\deps\local_console_hub_lib.dll.exp
  |
  = note: `#[warn(linker_messages)]` on by default

warning: `local-console-hub` (lib) generated 1 warning
    Finished `test` profile [unoptimized + debuginfo] target(s) in 15.93s
     Running unittests src\lib.rs (target\debug\deps\local_console_hub_lib-612b21e16ee0b436.exe)

running 335 tests
test app::tests::a_bad_entry_does_not_hide_the_good_ones ... ok
test app::tests::a_broken_config_file_registers_nothing_instead_of_failing ... ok
test app::tests::a_config_read_error_reports_the_file_and_repair_context ... ok
test app::tests::a_missing_config_file_registers_nothing ... ok
test app::tests::config_report_keeps_valid_sessions_and_names_each_invalid_entry ... ok
test app::tests::configured_sessions_are_registered_and_left_stopped ... ok
test app::tests::no_config_location_registers_nothing ... ok
test app::tests::temporary_configs_never_share_a_path ... ok
test config::dto::tests::absent_optional_fields_are_omitted_not_nulled ... ok
test config::dto::tests::config_report_serializes_file_status_and_path ... ok
test config::dto::tests::error_dto_uses_camel_case_session_id ... ok
test config::dto::tests::external_logging_keeps_its_path_in_the_dto ... ok
test config::dto::tests::session_dto_serializes_to_the_camel_case_contract ... ok
test config::paths::tests::app_paths_lay_out_roaming_config_and_local_data ... ok
test config::paths::tests::run_log_filename_matches_the_logging_spec_shape ... ok
test config::paths::tests::run_log_filename_rejects_unsafe_run_ids ... ok
test config::paths::tests::run_log_path_composes_dir_and_file ... ok
test config::paths::tests::run_metadata_path_mirrors_the_log_path_shape ... ok
test config::paths::tests::run_metadata_path_rejects_unsafe_components ... ok
test config::paths::tests::session_log_dir_groups_by_session_then_month ... ok
test config::paths::tests::the_reported_local_offset_builds_a_log_path ... ok
test config::tests::a_terminal_may_carry_purpose_and_close_impact ... ok
test config::tests::a_terminal_that_omits_purpose_or_close_impact_keeps_them_absent ... ok
test config::tests::an_empty_terminal_purpose_is_actionable ... ok
test config::tests::broken_yaml_reports_one_file_level_error ... ok
test config::tests::contradictory_logging_combinations_are_rejected ... ok
test config::tests::cross_type_fields_are_rejected ... ok
test config::tests::development_fixture_loads_cleanly ... ok
test config::tests::duplicate_ids_reject_later_entries_and_keep_the_first ... ok
test config::tests::duplicate_unknown_names_are_attributed_to_the_first_invalid_mapping ... ok
test config::tests::empty_document_is_an_empty_session_list ... ok
test config::tests::invalid_root_shape_names_the_config_field_to_repair ... ok
test config::tests::logging_defaults_and_auto_resolution ... ok
test config::tests::malformed_and_non_http_urls_are_rejected ... ok
test config::tests::missing_config_file_is_a_fresh_install ... ok
test config::tests::missing_working_directory_is_rejected_with_the_path ... ok
test config::tests::nested_logging_errors_identify_the_full_field_path ... ok
test config::tests::one_invalid_session_does_not_hide_valid_ones ... ok
test config::tests::port_zero_is_rejected_and_out_of_range_ports_fail_per_session ... ok
test config::tests::report_dto_keeps_valid_sessions_and_errors_together ... ok
test config::tests::service_without_command_is_actionable ... ok
test config::tests::terminal_cannot_force_captured_auto_logging ... ok
test config::tests::terminal_without_shell_is_actionable ... ok
test config::tests::top_level_unknown_field_is_not_attributed_to_a_valid_logging_field ... ok
test config::tests::unknown_fields_are_per_session_errors_not_file_errors ... ok
test config::tests::unknown_root_field_is_reported_as_a_config_field_error ... ok
test config::tests::unsafe_session_ids_are_rejected ... ok
test config::tests::valid_logging_combinations_load ... ok
test config::tests::verification_fixture_loads_cleanly_and_covers_the_matrix ... ok
test config::tests::wrong_field_types_identify_the_field_to_repair ... ok
test health::tests::a_port_reads_open_while_something_listens_and_closed_after_it_stops ... ok
test health::tests::a_reading_carries_the_process_and_the_port_as_separate_facts ... ok
test health::tests::a_reading_serializes_in_camel_case ... ok
test ipc::logs::tests::a_cleanup_report_serializes_what_the_view_reads ... ok
test ipc::logs::tests::the_log_status_payload_is_the_camel_case_contract ... ok
test ipc::logs::tests::the_run_history_payload_is_the_camel_case_contract ... ok
test ipc::tests::ping_reports_app_identity_and_protocol ... ok
test ipc::tests::ping_serializes_to_the_camel_case_contract ... ok
test logging::buffer::tests::a_chunk_serializes_as_text_with_its_stream ... ok
test logging::buffer::tests::a_single_oversized_push_keeps_only_its_tail ... ok
test logging::buffer::tests::an_empty_push_changes_nothing ... ok
test logging::buffer::tests::ansi_escapes_survive_the_round_trip ... ok
test logging::buffer::tests::clearing_empties_the_buffer_and_its_counters ... ok
test logging::buffer::tests::one_chunk_with_too_many_lines_is_trimmed_from_its_front ... ok
test logging::buffer::tests::output_is_retained_in_order_and_tagged_by_stream ... ok
test logging::buffer::tests::the_byte_bound_discards_the_oldest_output ... ok
test logging::buffer::tests::the_line_bound_discards_the_oldest_output ... ok
test logging::buffer::tests::the_only_streams_are_the_two_the_run_writes_to ... ok
test logging::buffer::tests::the_summary_describes_what_the_buffer_holds ... ok
test logging::buffer::tests::the_tail_of_an_empty_buffer_is_empty ... ok
test logging::buffer::tests::the_tail_stops_at_the_requested_budget ... ok
test logging::clock::tests::an_instant_before_the_epoch_has_no_stamp ... ok
test logging::clock::tests::an_instant_formats_as_rfc_3339_utc ... ok
test logging::clock::tests::the_clock_reads_the_system_time ... ok
test logging::clock::tests::unix_seconds_match_the_path_helpers_input ... ok
test logging::error::tests::a_write_failure_reads_as_an_instruction ... ok
test logging::error::tests::an_unrecognised_cause_keeps_the_os_message ... ok
test logging::layout::tests::a_missing_root_is_an_empty_walk ... ok
test logging::layout::tests::the_walk_can_be_narrowed_to_one_session ... ok
test logging::layout::tests::the_walk_finds_the_files_of_every_session ... ok
test logging::layout::tests::the_walk_only_reports_the_extension_it_was_asked_for ... ok
test logging::metadata::tests::a_record_reports_whether_its_log_is_still_on_disk ... ok
test logging::metadata::tests::a_run_that_cannot_name_its_file_is_refused ... ok
test logging::metadata::tests::a_run_that_never_wrote_a_log_reports_no_file_to_open ... ok
test logging::metadata::tests::a_session_that_has_never_run_has_an_empty_history ... ok
test logging::metadata::tests::a_written_record_carries_the_log_path_that_was_persisted ... ok
test logging::metadata::tests::an_unreadable_entry_is_reported_without_losing_the_others ... ok
test logging::metadata::tests::history_lists_completed_runs_newest_first ... ok
test logging::metadata::tests::the_metadata_file_name_is_the_run_tag_and_the_time ... ok
test logging::metadata::tests::the_stored_document_is_readable_json ... ok
test logging::metadata::tests::writing_leaves_no_staging_file_behind ... ok
test logging::plan::tests::a_captured_run_with_no_writable_layout_is_off_and_says_why ... ok
test logging::plan::tests::captured_always_writes_every_run_to_a_run_file ... ok
test logging::plan::tests::captured_on_error_only_commits_to_a_file_on_failure ... ok
test logging::plan::tests::external_links_the_application_log_instead_of_writing_one ... ok
test logging::plan::tests::external_without_a_path_is_reported_as_a_configuration_problem ... ok
test logging::plan::tests::log_states_serialize_with_the_documented_vocabulary ... ok
test logging::plan::tests::manual_starts_off_and_has_a_file_waiting_for_it ... ok
test logging::plan::tests::off_writes_nothing_and_runs_out_no_file ... ok
test logging::plan::tests::the_policy_state_and_the_resolved_plan_state_agree ... ok
test logging::retention::tests::a_missing_logs_root_is_an_empty_cleanup_not_a_failure ... ok
test logging::retention::tests::a_preview_and_the_sweep_that_follows_it_agree ... ok
test logging::retention::tests::a_preview_of_a_session_within_its_budget_is_empty ... ok
test logging::retention::tests::a_preview_reports_what_a_sweep_would_take_and_deletes_nothing ... ok
test logging::retention::tests::a_protected_path_is_never_a_candidate ... ok
test logging::retention::tests::a_recent_session_within_its_budget_is_left_alone ... ok
test logging::retention::tests::a_zero_day_limit_disables_the_age_rule_rather_than_deleting_everything ... ok
test logging::retention::tests::an_ancient_file_is_removed_and_the_budget_still_applies ... ok
test logging::retention::tests::cleaning_one_session_leaves_the_others_alone ... ok
test logging::retention::tests::enforcing_removes_the_planned_files_and_reports_what_it_freed ... ok
test logging::retention::tests::files_older_than_the_age_limit_are_removed ... ok
test logging::retention::tests::one_session_exceeding_its_budget_does_not_delete_another_session ... ok
test logging::retention::tests::scanning_ignores_anything_that_is_not_a_month_of_logs ... ok
test logging::retention::tests::the_newest_file_of_a_session_is_always_kept ... ok
test logging::run_log::tests::a_capture_run_with_no_output_still_reports_its_file ... ok
test logging::run_log::tests::a_closed_file_is_still_the_file_the_run_produced ... ok
test logging::run_log::tests::a_failed_open_still_reports_the_intended_path ... ok
test logging::run_log::tests::a_header_never_lands_mid_line ... ok
test logging::run_log::tests::a_manual_run_closes_its_file_at_the_end ... ok
test logging::run_log::tests::a_stop_that_failed_keeps_the_context ... ok
test logging::run_log::tests::a_stop_the_user_asked_for_writes_no_error_log ... ok
test logging::run_log::tests::a_stream_change_is_marked_in_the_file ... ok
test logging::run_log::tests::always_creates_the_file_before_any_output_exists ... ok
test logging::run_log::tests::always_creates_the_run_file_and_writes_output_into_it ... ok
test logging::run_log::tests::an_unopenable_file_is_reported_and_does_not_panic ... ok
test logging::run_log::tests::external_captures_nothing ... ok
test logging::run_log::tests::manual_writes_nothing_until_recording_starts ... ok
test logging::run_log::tests::nothing_produced_means_nothing_to_name ... ok
test logging::run_log::tests::off_writes_no_file_however_much_output_arrives ... ok
test logging::run_log::tests::on_error_treats_an_error_state_as_a_failure ... ok
test logging::run_log::tests::on_error_writes_nothing_when_the_run_ends_cleanly ... ok
test logging::run_log::tests::on_error_writes_the_pre_failure_context_when_the_run_fails ... ok
test logging::run_log::tests::recording_again_continues_the_file_instead_of_replacing_it ... ok
test logging::run_log::tests::saving_an_on_error_run_commits_the_context_and_keeps_recording ... ok
test logging::run_log::tests::the_file_cap_truncates_instead_of_growing_without_limit ... ok
test logging::run_log::tests::the_pre_failure_context_is_bounded ... ok
test logging::tests::a_failing_reader_ends_the_pump ... ok
test logging::tests::a_long_stream_arrives_in_batches_in_order ... ok
test logging::tests::the_drain_signal_arrives_after_the_last_batch ... ok
test logging::tests::the_pump_forwards_the_whole_stream_and_then_stops ... ok
test logging::tests::the_pump_reports_which_stream_it_was_given ... ok
test process::tests::an_early_descendant_stays_in_the_run_after_its_launcher_exits ... ok
test process::tests::concurrent_stops_do_not_race ... ok
test process::tests::force_stop_removes_the_managed_tree_but_not_an_unrelated_process ... ok
test process::tests::handle_is_shareable_across_threads ... ok
test process::tests::missing_program_is_an_actionable_error ... ok
test process::tests::natural_exit_reports_the_exit_code ... ok
test process::tests::repeated_stop_is_safe ... ok
test process::tests::restart_leaves_exactly_one_run_alive ... ok
test process::tests::spawn_reports_a_pid_and_owns_the_run ... ok
test process::tests::startup_failures_clean_up_the_suspended_process ... ok
test process::tests::stop_ends_a_live_run_and_leaves_nothing_in_the_tree ... ok
test process::tests::stop_reclaims_a_descendant_left_behind_by_an_exited_run ... ok
test pty::tests::a_flooding_terminal_stays_alive_while_unread ... ok
test pty::tests::a_shell_spawned_from_a_ctrl_c_ignoring_process_still_interrupts ... ok
test pty::tests::an_externally_killed_shell_is_observed_as_exited ... ok
test pty::tests::an_idle_unread_terminal_stays_alive ... ok
test pty::tests::an_interactive_prompt_receives_its_answer ... ok
test pty::tests::ansi_output_reaches_the_stream ... ok
test pty::tests::closing_the_pty_reclaims_a_shell_child_process ... ok
test pty::tests::commands_roundtrip_through_the_terminal ... ok
test pty::tests::ctrl_c_interrupts_the_running_command_not_the_shell ... ok
test pty::tests::handle_is_shareable_across_threads ... ok
test pty::tests::high_volume_output_flows_and_the_shell_stays_responsive ... ok
test pty::tests::invalid_dimensions_are_rejected ... ok
test pty::tests::missing_program_is_an_actionable_error ... ok
test pty::tests::natural_exit_is_observed_with_its_code ... ok
test pty::tests::resize_reaches_the_shell ... ok
test pty::tests::spawn_reports_a_pid_and_first_output ... ok
test pty::tests::unicode_survives_the_round_trip ... ok
test pty::tests::writing_after_the_end_is_a_structured_error ... ok
test release::the_bundle_still_produces_both_windows_installers ... ok
test release::the_bundled_product_name_is_the_name_the_app_reports ... ok
test release::the_identifier_that_upgrades_are_keyed_on_is_frozen ... ok
test release::the_install_directory_can_never_be_the_app_data_directory ... ok
test release::the_installer_downloads_webview2_rather_than_bundling_it ... ok
test release::the_three_manifests_agree_on_one_version ... ok
test release::the_uninstaller_checkbox_is_labelled_from_our_language_file ... ok
test release::the_uninstaller_checkbox_label_describes_what_it_deletes ... ok
test release::the_uninstaller_language_file_declares_the_expected_string_count ... ok
test session::core::tests::a_command_splits_into_a_program_and_arguments ... ok
test session::core::tests::a_fanout_reaches_every_sink ... ok
test session::core::tests::a_fanout_with_no_sinks_discards_quietly ... ok
test session::core::tests::a_missing_url_or_cwd_is_refused_with_what_to_add ... ok
test session::core::tests::a_quoted_argument_stays_one_argument ... ok
test session::core::tests::a_quoted_program_keeps_its_spaces_and_extra_whitespace_is_ignored ... ok
test session::core::tests::a_reading_and_its_polling_go_away_with_the_run_they_described ... ok
test session::core::tests::a_reading_is_published_only_when_it_changes ... ok
test session::core::tests::a_refused_start_leaves_the_session_untouched ... ok
test session::core::tests::a_registered_session_is_stopped_with_its_configured_logging ... ok
test session::core::tests::a_run_is_piped_only_when_its_policy_captures ... ok
test session::core::tests::a_run_that_ends_on_its_own_updates_the_session_without_being_asked ... ok
test session::core::tests::a_run_that_fails_on_its_own_ends_in_error_not_exited ... ok
test session::core::tests::a_running_service_reads_its_configured_port ... ok
test session::core::tests::a_running_service_whose_port_is_closed_reports_both_facts ... ok
test session::core::tests::a_service_session_maps_to_a_supervised_process ... ok
test session::core::tests::a_service_with_no_port_is_never_probed ... ok
test session::core::tests::a_service_without_a_working_directory_is_refused_with_a_reason ... ok
test session::core::tests::a_session_cwd_comes_from_the_session_that_owns_it ... ok
test session::core::tests::a_session_url_comes_from_the_session_that_owns_it ... ok
test session::core::tests::a_start_that_cannot_spawn_ends_in_error_with_the_reason ... ok
test session::core::tests::a_stopped_run_is_not_reported_again_by_its_watcher ... ok
test session::core::tests::a_terminal_is_hosted_at_the_geometry_its_view_asked_for ... ok
test session::core::tests::a_terminal_is_hosted_on_a_terminal_and_a_service_on_a_supervised_process ... ok
test session::core::tests::a_terminal_without_a_shell_is_refused_with_a_reason ... ok
test session::core::tests::an_empty_command_is_refused ... ok
test session::core::tests::an_empty_quoted_argument_is_still_an_argument ... ok
test session::core::tests::an_unbalanced_quote_is_refused ... ok
test session::core::tests::an_unexpected_exit_lands_with_no_listener_at_all ... ok
test session::core::tests::an_unknown_session_has_no_snapshot ... ok
test session::core::tests::force_stop_ends_the_run_without_waiting_for_it ... ok
test session::core::tests::lifecycle_runs_with_no_listener_at_all ... ok
test session::core::tests::logging::a_captured_run_writes_a_file_its_run_record_points_at ... ok
test session::core::tests::logging::a_cleanup_leaves_logs_inside_the_retention_window_alone ... ok
test session::core::tests::logging::a_cleanup_preview_describes_the_sweep_without_making_it ... ok
test session::core::tests::logging::a_named_run_resolves_to_its_own_file ... ok
test session::core::tests::logging::a_rootless_core_previews_and_sweeps_nothing ... ok
test session::core::tests::logging::a_run_file_carries_both_streams_tagged ... ok
test session::core::tests::logging::a_run_that_exits_immediately_still_gets_its_output_written ... ok
test session::core::tests::logging::a_run_whose_log_cannot_be_written_names_no_file ... ok
test session::core::tests::logging::a_run_with_nothing_persisted_explains_how_to_save_it ... ok
test session::core::tests::logging::a_session_with_nowhere_to_write_says_why_it_is_not_logging ... ok
test session::core::tests::logging::a_stopped_manual_recording_still_names_its_file ... ok
test session::core::tests::logging::a_sweep_never_takes_an_application_owned_log ... ok
test session::core::tests::logging::a_swept_run_stays_in_the_history_without_its_log ... ok
test session::core::tests::logging::a_terminal_session_reports_its_policy_before_it_has_ever_run ... ok
test session::core::tests::logging::an_external_session_links_the_application_log_and_captures_nothing ... output-the-app-logs-itself
ok
test session::core::tests::logging::an_external_session_points_at_the_application_own_log ... ok
test session::core::tests::logging::an_external_sessions_file_answer_is_about_the_applications_file ... ok
test session::core::tests::logging::an_off_run_leaves_no_file_and_still_has_a_scrollback ... ok
test session::core::tests::logging::an_unknown_session_or_run_is_named_in_the_refusal ... ok
test session::core::tests::logging::manual_recording_is_switched_on_and_off_by_request_only ... ok
test session::core::tests::logging::on_error_keeps_the_context_of_a_failing_run_only ... ok
test session::core::tests::logging::opening_a_log_opens_the_file_its_run_record_names ... ok
test session::core::tests::logging::saving_a_running_on_error_log_commits_it ... ok
test session::core::tests::logging::stopping_an_on_error_run_on_purpose_writes_no_log ... ok
test session::core::tests::logging::the_current_run_reports_whether_its_log_is_still_on_disk ... ok
test session::core::tests::logging::the_folder_action_resolves_to_the_folder_holding_the_file ... ok
test session::core::tests::logging::the_scrollback_survives_a_restart_and_stays_bounded ... ok
test session::core::tests::registering_the_same_id_twice_is_refused ... ok
test session::core::tests::registration_does_not_publish_a_lifecycle_event ... ok
test session::core::tests::restarting_a_session_that_is_not_running_starts_it ... ok
test session::core::tests::restarting_an_unknown_session_is_refused ... ok
test session::core::tests::restarting_replaces_the_run_and_leaves_exactly_one_alive ... ok
test session::core::tests::starting_a_service_reports_running_with_a_pid_and_run_id ... ok
test session::core::tests::starting_a_session_that_is_already_running_is_refused ... ok
test session::core::tests::starting_an_unknown_session_is_refused ... ok
test session::core::tests::starting_publishes_the_states_it_passed_through ... ok
test session::core::tests::stopping_a_running_service_ends_it_and_records_the_exit_code ... ok
test session::core::tests::stopping_a_session_that_is_not_running_is_refused ... ok
test session::core::tests::stopping_publishes_the_closed_run_record ... ok
test session::core::tests::terminal_tests::a_burst_of_output_is_published_in_bounded_contiguous_batches ... ok
test session::core::tests::terminal_tests::a_command_in_the_hosted_shell_reaches_the_sessions_scrollback ... ok
test session::core::tests::terminal_tests::a_resize_before_the_start_geometries_the_shell ... ok
test session::core::tests::terminal_tests::a_resize_of_a_live_terminal_reaches_the_shell ... ok
test session::core::tests::terminal_tests::a_terminal_keeps_running_while_no_view_is_attached ... ok
test session::core::tests::terminal_tests::an_attachment_after_a_restart_counts_the_new_run_from_zero ... ok
test session::core::tests::terminal_tests::an_initial_command_is_typed_into_the_terminal ... ok
test session::core::tests::terminal_tests::an_unhostable_size_is_refused ... ok
test session::core::tests::terminal_tests::ctrl_c_interrupts_the_command_that_is_running ... ok
test session::core::tests::terminal_tests::ctrl_c_is_input_and_does_not_close_the_session ... ok
test session::core::tests::terminal_tests::every_batch_after_an_attachment_begins_where_the_attachment_ended ... ok
test session::core::tests::terminal_tests::input_into_a_service_is_refused ... ok
test session::core::tests::terminal_tests::input_into_a_session_that_never_started_is_refused ... ok
test session::core::tests::terminal_tests::non_ascii_input_reaches_the_shell ... ok
test session::core::tests::terminal_tests::non_ascii_output_survives_the_session ... ok
test session::core::tests::terminal_tests::restarting_a_terminal_replaces_the_run_and_leaves_one_shell ... ok
test session::core::tests::terminal_tests::starting_a_terminal_hosts_a_shell_and_reports_it_attached ... ok
test session::core::tests::terminal_tests::stopping_a_terminal_ends_the_run_and_closes_the_shell ... ok
test session::core::tests::the_run_record_carries_the_run_identity ... ok
test session::core::tests::the_summary_counts_registered_sessions ... ok
test session::event::tests::a_serialized_session_event_carries_session_id_at_the_top_level ... ok
test session::event::tests::a_summary_counts_running_and_error_over_every_session ... ok
test session::event::tests::an_empty_list_summarizes_to_zero ... ok
test session::event::tests::event_names_are_the_ones_the_ipc_contract_names ... ok
test session::event::tests::session_scoped_events_expose_their_session_id ... ok
test session::event::tests::terminal_output_survives_a_chunk_boundary_inside_a_character ... ok
test session::runtime::tests::a_health_reading_rides_the_snapshot_beside_the_status ... ok
test session::runtime::tests::a_live_run_reports_no_end_and_no_exit_code ... ok
test session::runtime::tests::a_run_record_serializes_to_the_documented_metadata_shape ... ok
test session::runtime::tests::a_session_that_has_never_started_claims_no_run ... ok
test session::runtime::tests::a_timestamp_serializes_as_rfc_3339_utc ... ok
test session::runtime::tests::minted_run_ids_are_unique ... ok
test session::runtime::tests::minted_run_ids_are_usable_as_log_file_name_components ... ok
test session::state::tests::both_ended_states_can_restart ... ok
test session::state::tests::no_status_transitions_to_itself ... ok
test session::state::tests::the_only_allowed_transitions_are_the_ones_the_spec_lists ... ok
test session::terminal::tests::a_chunk_arriving_after_the_window_is_published_with_the_pending_bytes ... ok
test session::terminal::tests::a_new_generation_starts_the_offsets_over_and_drops_the_old_window ... ok
test session::terminal::tests::an_empty_push_publishes_nothing_and_opens_no_window ... ok
test session::terminal::tests::nothing_is_published_before_the_window_and_nothing_is_forced_early ... ok
test session::terminal::tests::output_is_cut_at_the_batch_ceiling_and_the_rest_waits ... ok
test session::terminal::tests::output_within_the_window_is_published_as_one_batch ... ok
test session::terminal::tests::stopping_a_pump_is_observed_by_its_reader ... ok
test session::terminal::tests::the_emitted_offset_covers_bytes_that_are_still_pending ... ok
test shell::tests::a_path_that_does_not_exist_is_an_error_with_advice ... ok
test shell::tests::a_url_that_is_not_http_is_refused_without_reaching_the_os ... ok
test shell::tests::only_http_and_https_urls_are_openable ... ok
test shell::win::tests::a_path_is_encoded_as_terminated_utf16 ... ok
test shell::win::tests::a_path_outside_the_code_page_is_still_encoded ... ok
test shell::win::tests::known_failures_are_reported_with_something_to_do ... ok
test tray::actions::tests::a_blocked_exit_is_reported_even_when_another_session_could_be_stopped ... ok
test tray::actions::tests::a_failed_stop_names_the_sessions_that_survived_it ... ok
test tray::actions::tests::a_running_session_makes_exit_ask_first ... ok
test tray::actions::tests::a_session_mid_flight_blocks_exit_before_any_question ... ok
test tray::actions::tests::a_session_without_a_config_is_named_by_its_id ... ok
test tray::actions::tests::an_idle_hub_exits_without_a_question ... ok
test tray::actions::tests::restart_failed_targets_error_sessions_only ... ok
test tray::actions::tests::stop_all_targets_running_sessions_only ... ok
test tray::actions::tests::the_blocked_message_reads_for_any_number_of_sessions ... ok
test tray::actions::tests::the_question_names_sessions_the_way_the_menu_does ... ok
test tray::confirm::tests::a_message_is_encoded_as_nul_terminated_utf16 ... ok
test tray::confirm::tests::an_interior_nul_cannot_truncate_a_message ... ok
test tray::menu::tests::a_session_row_is_addressed_by_its_session_id ... ok
test tray::menu::tests::each_control_is_enabled_by_its_own_precondition ... ok
test tray::menu::tests::elided_rows_are_reported ... ok
test tray::menu::tests::menu_item_ids_are_unique ... ok
test tray::menu::tests::separators_never_double_up_or_sit_at_the_edges ... ok
test tray::menu::tests::the_action_controls_are_disabled_rather_than_absent_when_idle ... ok
test tray::menu::tests::the_menu_carries_every_control_the_spec_names ... ok
test tray::menu::tests::the_summary_leads_and_states_rather_than_acts ... ok
test tray::model::tests::a_row_carries_its_session_id_and_the_configured_name ... ok
test tray::model::tests::a_session_without_a_config_is_still_listed_under_its_id ... ok
test tray::model::tests::an_empty_registry_says_nothing_is_running ... ok
test tray::model::tests::only_running_and_failed_sessions_are_listed ... ok
test tray::model::tests::rows_are_capped_while_the_counts_keep_every_session ... ok
test tray::model::tests::the_same_state_produces_the_same_model ... ok
test tray::model::tests::the_summary_counts_running_and_failed_sessions ... ok
test tray::model::tests::the_summary_never_invents_a_busy_count ... ok
test tray::tests::a_session_that_cannot_be_stopped_becomes_a_named_failure ... ok
test tray::tests::only_state_and_summary_events_reach_the_tray ... ok
test tray::tests::only_the_main_window_hides_on_close ... ok
test tray::tests::restart_failed_restarts_the_failed_session_and_nothing_else ... ok
test tray::tests::stop_all_stops_the_running_sessions_and_leaves_the_rest_alone ... ok
test tray::tests::the_focus_request_serializes_to_the_camel_case_contract ... ok

test result: ok. 335 passed; 0 failed; 0 ignored; 0 measured; 0 filtered out; finished in 54.25s

     Running unittests src\main.rs (target\debug\deps\local_console_hub-ae991981e92f592d.exe)

running 0 tests

test result: ok. 0 passed; 0 failed; 0 ignored; 0 measured; 0 filtered out; finished in 0.00s

     Running tests\mvp_matrix.rs (target\debug\deps\mvp_matrix-437d0347d19d7e94.exe)

running 10 tests
test a_noisy_session_does_not_disturb_the_quiet_one ... ok
test a_restart_starts_a_new_run_and_keeps_the_scrollback ... ok
test a_sessions_log_path_is_resolved_from_the_session_not_from_a_caller ... ok
test a_snapshot_reports_an_intact_buffer_without_carrying_it ... ok
test a_terminal_keeps_running_with_no_view_attached_and_replays_on_attach ... ok
test a_terminal_persists_nothing_and_a_captured_service_writes_one_file_per_run ... ok
test each_terminal_answers_only_its_own_input ... ok
test stopping_one_session_leaves_the_others_untouched ... ok
test the_bootstrap_path_turns_a_config_file_into_stopped_sessions ... ok
test three_concurrent_sessions_hold_distinct_runs_and_processes ... ok

test result: ok. 10 passed; 0 failed; 0 ignored; 0 measured; 0 filtered out; finished in 6.23s

   Doc-tests local_console_hub_lib

running 0 tests

test result: ok. 0 passed; 0 failed; 0 ignored; 0 measured; 0 filtered out; finished in 0.00s

